<?xml version="1.0" encoding="UTF-8"?>
<testsuites>
  <testsuite name="C:\xampp\htdocs\skillshare\phpunit.xml" tests="54" assertions="118" errors="0" failures="0" skipped="0" time="8.018791">
    <testsuite name="SkillShare Test Suite" tests="54" assertions="118" errors="0" failures="0" skipped="0" time="8.018791">
      <testsuite name="Tests\SkillShareApplicationTests" file="C:\xampp\htdocs\skillshare\tests\SkillShareApplicationTests.php" tests="40" assertions="70" errors="0" failures="0" skipped="0" time="5.141086">
        <testcase name="testRegistrationWithValidData" file="C:\xampp\htdocs\skillshare\tests\SkillShareApplicationTests.php" line="54" class="Tests\SkillShareApplicationTests" classname="Tests.SkillShareApplicationTests" assertions="5" time="0.189593"/>
        <testcase name="testRegistrationWithDuplicateEmail" file="C:\xampp\htdocs\skillshare\tests\SkillShareApplicationTests.php" line="74" class="Tests\SkillShareApplicationTests" classname="Tests.SkillShareApplicationTests" assertions="1" time="0.120919"/>
        <testcase name="testRegistrationWithEmptyFields" file="C:\xampp\htdocs\skillshare\tests\SkillShareApplicationTests.php" line="91" class="Tests\SkillShareApplicationTests" classname="Tests.SkillShareApplicationTests" assertions="2" time="0.120030"/>
        <testcase name="testLoginWithValidCredentials" file="C:\xampp\htdocs\skillshare\tests\SkillShareApplicationTests.php" line="110" class="Tests\SkillShareApplicationTests" classname="Tests.SkillShareApplicationTests" assertions="3" time="0.181492"/>
        <testcase name="testLoginWithInvalidEmail" file="C:\xampp\htdocs\skillshare\tests\SkillShareApplicationTests.php" line="133" class="Tests\SkillShareApplicationTests" classname="Tests.SkillShareApplicationTests" assertions="1" time="0.123973"/>
        <testcase name="testLoginWithWrongPassword" file="C:\xampp\htdocs\skillshare\tests\SkillShareApplicationTests.php" line="148" class="Tests\SkillShareApplicationTests" classname="Tests.SkillShareApplicationTests" assertions="1" time="0.179618"/>
        <testcase name="testLoginWithEmptyEmail" file="C:\xampp\htdocs\skillshare\tests\SkillShareApplicationTests.php" line="161" class="Tests\SkillShareApplicationTests" classname="Tests.SkillShareApplicationTests" assertions="1" time="0.120148"/>
        <testcase name="testLoginWithEmptyPassword" file="C:\xampp\htdocs\skillshare\tests\SkillShareApplicationTests.php" line="172" class="Tests\SkillShareApplicationTests" classname="Tests.SkillShareApplicationTests" assertions="1" time="0.128589"/>
        <testcase name="testAlreadyLoggedInUserRedirect" file="C:\xampp\htdocs\skillshare\tests\SkillShareApplicationTests.php" line="183" class="Tests\SkillShareApplicationTests" classname="Tests.SkillShareApplicationTests" assertions="2" time="0.122437"/>
        <testcase name="testLogoutDestroysSession" file="C:\xampp\htdocs\skillshare\tests\SkillShareApplicationTests.php" line="202" class="Tests\SkillShareApplicationTests" classname="Tests.SkillShareApplicationTests" assertions="2" time="0.120053"/>
        <testcase name="testSendChatMessageWithValidData" file="C:\xampp\htdocs\skillshare\tests\SkillShareApplicationTests.php" line="227" class="Tests\SkillShareApplicationTests" classname="Tests.SkillShareApplicationTests" assertions="3" time="0.123687"/>
        <testcase name="testSendEmptyMessage" file="C:\xampp\htdocs\skillshare\tests\SkillShareApplicationTests.php" line="254" class="Tests\SkillShareApplicationTests" classname="Tests.SkillShareApplicationTests" assertions="1" time="0.138787"/>
        <testcase name="testUnauthorizedChatAccess" file="C:\xampp\htdocs\skillshare\tests\SkillShareApplicationTests.php" line="267" class="Tests\SkillShareApplicationTests" classname="Tests.SkillShareApplicationTests" assertions="1" time="0.120073"/>
        <testcase name="testMarkIncomingMessagesAsRead" file="C:\xampp\htdocs\skillshare\tests\SkillShareApplicationTests.php" line="284" class="Tests\SkillShareApplicationTests" classname="Tests.SkillShareApplicationTests" assertions="1" time="0.118943"/>
        <testcase name="testMessagesDisplayInOrder" file="C:\xampp\htdocs\skillshare\tests\SkillShareApplicationTests.php" line="310" class="Tests\SkillShareApplicationTests" classname="Tests.SkillShareApplicationTests" assertions="2" time="0.118698"/>
        <testcase name="testUnreadBadgeDisplay" file="C:\xampp\htdocs\skillshare\tests\SkillShareApplicationTests.php" line="330" class="Tests\SkillShareApplicationTests" classname="Tests.SkillShareApplicationTests" assertions="1" time="0.124122"/>
        <testcase name="testCorrectSenderDisplay" file="C:\xampp\htdocs\skillshare\tests\SkillShareApplicationTests.php" line="347" class="Tests\SkillShareApplicationTests" classname="Tests.SkillShareApplicationTests" assertions="1" time="0.119227"/>
        <testcase name="testCreateSkillRequest" file="C:\xampp\htdocs\skillshare\tests\SkillShareApplicationTests.php" line="370" class="Tests\SkillShareApplicationTests" classname="Tests.SkillShareApplicationTests" assertions="3" time="0.119148"/>
        <testcase name="testUnauthorizedRequestCreation" file="C:\xampp\htdocs\skillshare\tests\SkillShareApplicationTests.php" line="393" class="Tests\SkillShareApplicationTests" classname="Tests.SkillShareApplicationTests" assertions="1" time="0.118487"/>
        <testcase name="testAccessDeniedNonInvolved" file="C:\xampp\htdocs\skillshare\tests\SkillShareApplicationTests.php" line="403" class="Tests\SkillShareApplicationTests" classname="Tests.SkillShareApplicationTests" assertions="1" time="0.118454"/>
        <testcase name="testAccessGrantedRequester" file="C:\xampp\htdocs\skillshare\tests\SkillShareApplicationTests.php" line="420" class="Tests\SkillShareApplicationTests" classname="Tests.SkillShareApplicationTests" assertions="1" time="0.118932"/>
        <testcase name="testAccessGrantedSkillOwner" file="C:\xampp\htdocs\skillshare\tests\SkillShareApplicationTests.php" line="434" class="Tests\SkillShareApplicationTests" classname="Tests.SkillShareApplicationTests" assertions="1" time="0.119190"/>
        <testcase name="testOnlyAccessAcceptedRequests" file="C:\xampp\htdocs\skillshare\tests\SkillShareApplicationTests.php" line="447" class="Tests\SkillShareApplicationTests" classname="Tests.SkillShareApplicationTests" assertions="1" time="0.118912"/>
        <testcase name="testSQLInjectionPrevention" file="C:\xampp\htdocs\skillshare\tests\SkillShareApplicationTests.php" line="466" class="Tests\SkillShareApplicationTests" classname="Tests.SkillShareApplicationTests" assertions="2" time="0.118784"/>
        <testcase name="testChatMessageSQLInjectionPrevention" file="C:\xampp\htdocs\skillshare\tests\SkillShareApplicationTests.php" line="484" class="Tests\SkillShareApplicationTests" classname="Tests.SkillShareApplicationTests" assertions="2" time="0.121603"/>
        <testcase name="testXSSPreventionMessageDisplay" file="C:\xampp\htdocs\skillshare\tests\SkillShareApplicationTests.php" line="502" class="Tests\SkillShareApplicationTests" classname="Tests.SkillShareApplicationTests" assertions="2" time="0.118832"/>
        <testcase name="testXSSPreventionUsernameDisplay" file="C:\xampp\htdocs\skillshare\tests\SkillShareApplicationTests.php" line="515" class="Tests\SkillShareApplicationTests" classname="Tests.SkillShareApplicationTests" assertions="2" time="0.121490"/>
        <testcase name="testSessionPersistence" file="C:\xampp\htdocs\skillshare\tests\SkillShareApplicationTests.php" line="528" class="Tests\SkillShareApplicationTests" classname="Tests.SkillShareApplicationTests" assertions="2" time="0.118861"/>
        <testcase name="testUnauthorizedAccessNoSession" file="C:\xampp\htdocs\skillshare\tests\SkillShareApplicationTests.php" line="541" class="Tests\SkillShareApplicationTests" classname="Tests.SkillShareApplicationTests" assertions="1" time="0.118769"/>
        <testcase name="testSecurePasswordStorage" file="C:\xampp\htdocs\skillshare\tests\SkillShareApplicationTests.php" line="550" class="Tests\SkillShareApplicationTests" classname="Tests.SkillShareApplicationTests" assertions="2" time="0.238866"/>
        <testcase name="testSessionUserIDIntegrity" file="C:\xampp\htdocs\skillshare\tests\SkillShareApplicationTests.php" line="562" class="Tests\SkillShareApplicationTests" classname="Tests.SkillShareApplicationTests" assertions="1" time="0.118920"/>
        <testcase name="testDatabaseConnectionFailure" file="C:\xampp\htdocs\skillshare\tests\SkillShareApplicationTests.php" line="581" class="Tests\SkillShareApplicationTests" classname="Tests.SkillShareApplicationTests" assertions="1" time="0.124259"/>
        <testcase name="testInvalidSQLQueryHandling" file="C:\xampp\htdocs\skillshare\tests\SkillShareApplicationTests.php" line="600" class="Tests\SkillShareApplicationTests" classname="Tests.SkillShareApplicationTests" assertions="2" time="0.119029"/>
        <testcase name="testMessageInsertErrorHandling" file="C:\xampp\htdocs\skillshare\tests\SkillShareApplicationTests.php" line="612" class="Tests\SkillShareApplicationTests" classname="Tests.SkillShareApplicationTests" assertions="1" time="0.119534"/>
        <testcase name="testEmailFormatValidation" file="C:\xampp\htdocs\skillshare\tests\SkillShareApplicationTests.php" line="637" class="Tests\SkillShareApplicationTests" classname="Tests.SkillShareApplicationTests" assertions="2" time="0.119419"/>
        <testcase name="testPasswordStrengthValidation" file="C:\xampp\htdocs\skillshare\tests\SkillShareApplicationTests.php" line="649" class="Tests\SkillShareApplicationTests" classname="Tests.SkillShareApplicationTests" assertions="3" time="0.120428"/>
        <testcase name="testInputTrimmingRegistration" file="C:\xampp\htdocs\skillshare\tests\SkillShareApplicationTests.php" line="663" class="Tests\SkillShareApplicationTests" classname="Tests.SkillShareApplicationTests" assertions="1" time="0.120089"/>
        <testcase name="testEmailCaseInsensitivity" file="C:\xampp\htdocs\skillshare\tests\SkillShareApplicationTests.php" line="674" class="Tests\SkillShareApplicationTests" classname="Tests.SkillShareApplicationTests" assertions="1" time="0.120591"/>
        <testcase name="testMultipleRapidMessages" file="C:\xampp\htdocs\skillshare\tests\SkillShareApplicationTests.php" line="695" class="Tests\SkillShareApplicationTests" classname="Tests.SkillShareApplicationTests" assertions="6" time="0.119628"/>
        <testcase name="testLargeMessageStorage" file="C:\xampp\htdocs\skillshare\tests\SkillShareApplicationTests.php" line="717" class="Tests\SkillShareApplicationTests" classname="Tests.SkillShareApplicationTests" assertions="2" time="0.118472"/>
      </testsuite>
      <testsuite name="Tests\SkillShareIntegrationTests" file="C:\xampp\htdocs\skillshare\tests\SkillShareIntegrationTests.php" tests="14" assertions="48" errors="0" failures="0" skipped="0" time="2.877705">
        <testcase name="testCompleteRegistrationWorkflow" file="C:\xampp\htdocs\skillshare\tests\SkillShareIntegrationTests.php" line="118" class="Tests\SkillShareIntegrationTests" classname="Tests.SkillShareIntegrationTests" assertions="8" time="0.300917"/>
        <testcase name="testCompleteLoginWorkflow" file="C:\xampp\htdocs\skillshare\tests\SkillShareIntegrationTests.php" line="167" class="Tests\SkillShareIntegrationTests" classname="Tests.SkillShareIntegrationTests" assertions="5" time="0.246226"/>
        <testcase name="testLoginWithWrongPasswordWorkflow" file="C:\xampp\htdocs\skillshare\tests\SkillShareIntegrationTests.php" line="206" class="Tests\SkillShareIntegrationTests" classname="Tests.SkillShareIntegrationTests" assertions="3" time="0.249580"/>
        <testcase name="testSendAndFetchMessagesWorkflow" file="C:\xampp\htdocs\skillshare\tests\SkillShareIntegrationTests.php" line="241" class="Tests\SkillShareIntegrationTests" classname="Tests.SkillShareIntegrationTests" assertions="7" time="0.180708"/>
        <testcase name="testChatAccessControlWorkflow" file="C:\xampp\htdocs\skillshare\tests\SkillShareIntegrationTests.php" line="298" class="Tests\SkillShareIntegrationTests" classname="Tests.SkillShareIntegrationTests" assertions="2" time="0.178702"/>
        <testcase name="testMarkMessagesAsReadWorkflow" file="C:\xampp\htdocs\skillshare\tests\SkillShareIntegrationTests.php" line="320" class="Tests\SkillShareIntegrationTests" classname="Tests.SkillShareIntegrationTests" assertions="1" time="0.179724"/>
        <testcase name="testCreateSkillRequestWorkflow" file="C:\xampp\htdocs\skillshare\tests\SkillShareIntegrationTests.php" line="348" class="Tests\SkillShareIntegrationTests" classname="Tests.SkillShareIntegrationTests" assertions="5" time="0.178182"/>
        <testcase name="testXSSPreventionInMessageWorkflow" file="C:\xampp\htdocs\skillshare\tests\SkillShareIntegrationTests.php" line="390" class="Tests\SkillShareIntegrationTests" classname="Tests.SkillShareIntegrationTests" assertions="2" time="0.177885"/>
        <testcase name="testSQLInjectionPreventionLoginWorkflow" file="C:\xampp\htdocs\skillshare\tests\SkillShareIntegrationTests.php" line="406" class="Tests\SkillShareIntegrationTests" classname="Tests.SkillShareIntegrationTests" assertions="2" time="0.178193"/>
        <testcase name="testSessionFixationPreventionWorkflow" file="C:\xampp\htdocs\skillshare\tests\SkillShareIntegrationTests.php" line="431" class="Tests\SkillShareIntegrationTests" classname="Tests.SkillShareIntegrationTests" assertions="1" time="0.177952"/>
        <testcase name="testEmailValidationWorkflow" file="C:\xampp\htdocs\skillshare\tests\SkillShareIntegrationTests.php" line="453" class="Tests\SkillShareIntegrationTests" classname="Tests.SkillShareIntegrationTests" assertions="1" time="0.177792"/>
        <testcase name="testInputSanitizationWorkflow" file="C:\xampp\htdocs\skillshare\tests\SkillShareIntegrationTests.php" line="467" class="Tests\SkillShareIntegrationTests" classname="Tests.SkillShareIntegrationTests" assertions="2" time="0.177744"/>
        <testcase name="testForeignKeyConstraint" file="C:\xampp\htdocs\skillshare\tests\SkillShareIntegrationTests.php" line="489" class="Tests\SkillShareIntegrationTests" classname="Tests.SkillShareIntegrationTests" assertions="1" time="0.177899"/>
        <testcase name="testCompleteApplicationWorkflow" file="C:\xampp\htdocs\skillshare\tests\SkillShareIntegrationTests.php" line="511" class="Tests\SkillShareIntegrationTests" classname="Tests.SkillShareIntegrationTests" assertions="8" time="0.296201"/>
      </testsuite>
    </testsuite>
  </testsuite>
</testsuites>
